#-----------------------------------------------------------
# Webtalk v2019.1 (64-bit)
# SW Build 2552052 on Fri May 24 14:47:09 MDT 2019
# IP Build 2548770 on Fri May 24 18:01:18 MDT 2019
# Start of session at: Thu Nov 28 19:17:21 2019
# Process ID: 5371
# Current directory: /home/nicoq/Facu/Arquitectura/ArquitecturaDeComputadoras/TP3_BIP/TP3_BIP.sim/sim_1/behav/xsim
# Command line: wbtcv -mode batch -source /home/nicoq/Facu/Arquitectura/ArquitecturaDeComputadoras/TP3_BIP/TP3_BIP.sim/sim_1/behav/xsim/xsim.dir/tb_bip_BIP_behav/webtalk/xsim_webtalk.tcl -notrace
# Log file: /home/nicoq/Facu/Arquitectura/ArquitecturaDeComputadoras/TP3_BIP/TP3_BIP.sim/sim_1/behav/xsim/webtalk.log
# Journal file: /home/nicoq/Facu/Arquitectura/ArquitecturaDeComputadoras/TP3_BIP/TP3_BIP.sim/sim_1/behav/xsim/webtalk.jou
#-----------------------------------------------------------
source /home/nicoq/Facu/Arquitectura/ArquitecturaDeComputadoras/TP3_BIP/TP3_BIP.sim/sim_1/behav/xsim/xsim.dir/tb_bip_BIP_behav/webtalk/xsim_webtalk.tcl -notrace
